
[2026-08-09 12:59:29 T] SOS ALERT TO: manoharas23cs@rnsit.ac.in
=====================================================
SOS EMERGENCY ALERT
=====================================================

User Name: admin
Registered Email: admin1234@gmail.com
Emergency Email Recipient: manoharas23cs@rnsit.ac.in
Date & Time Triggered: 2026-08-09 12:59:29 T

USER LOCATION:
Not Available (Browser Location Disabled)

BIOMETRIC STATUS:
- Age & Gender: 20 Years / Male
- Height & Weight: 170.0 cm / 70.0 kg
- BMI: 24.2 kg/m² (Normal)
- Primary Health Goal: Weight Loss / Fat Burn

-----------------------------------------------------
URGENT: This is an automated distress alert sent from the FitTrack AI Emergency System. Please attempt to contact or locate this user immediately!
=====================================================

============================================================

[2026-08-09 13:00:20 T] SOS ALERT TO: manoharas23cs@rnsit.ac.in
=====================================================
SOS EMERGENCY ALERT
=====================================================

User Name: admin
Registered Email: admin1234@gmail.com
Emergency Email Recipient: manoharas23cs@rnsit.ac.in
Date & Time Triggered: 2026-08-09 13:00:20 T

USER LOCATION:
Not Available (Browser Location Disabled)

BIOMETRIC STATUS:
- Age & Gender: 20 Years / Male
- Height & Weight: 170.0 cm / 70.0 kg
- BMI: 24.2 kg/m² (Normal)
- Primary Health Goal: Weight Loss / Fat Burn

-----------------------------------------------------
URGENT: This is an automated distress alert sent from the FitTrack AI Emergency System. Please attempt to contact or locate this user immediately!
=====================================================

============================================================

[2026-08-09 13:01:20 T] SOS ALERT TO: chandrakanthbs2006@gmail.com
=====================================================
SOS EMERGENCY ALERT
=====================================================

User Name: admin
Registered Email: admin1234@gmail.com
Emergency Email Recipient: chandrakanthbs2006@gmail.com
Date & Time Triggered: 2026-08-09 13:01:20 T

USER LOCATION:
Not Available (Browser Location Disabled)

BIOMETRIC STATUS:
- Age & Gender: 20 Years / Male
- Height & Weight: 170.0 cm / 70.0 kg
- BMI: 24.2 kg/m² (Normal)
- Primary Health Goal: Weight Loss / Fat Burn

-----------------------------------------------------
URGENT: This is an automated distress alert sent from the FitTrack AI Emergency System. Please attempt to contact or locate this user immediately!
=====================================================

============================================================

[2026-08-09 13:03:59 T] SOS ALERT TO: chandrakanthbs2006@gmail.com
=====================================================
SOS EMERGENCY ALERT
=====================================================

User Name: admin
Registered Email: admin1234@gmail.com
Emergency Email Recipient: chandrakanthbs2006@gmail.com
Date & Time Triggered: 2026-08-09 13:03:59 T

USER LOCATION:
Not Available (Browser Location Disabled)

BIOMETRIC STATUS:
- Age & Gender: 20 Years / Male
- Height & Weight: 170.0 cm / 70.0 kg
- BMI: 24.2 kg/m² (Normal)
- Primary Health Goal: Weight Loss / Fat Burn

-----------------------------------------------------
URGENT: This is an automated distress alert sent from the FitTrack AI Emergency System. Please attempt to contact or locate this user immediately!
=====================================================

============================================================

[2026-08-09 13:09:39 T] SOS ALERT TO: chandrakanthbs2006@gmail.com
=====================================================
SOS EMERGENCY ALERT
=====================================================

User Name: admin
Registered Email: admin1234@gmail.com
Emergency Email Recipient: chandrakanthbs2006@gmail.com
Date & Time Triggered: 2026-08-09 13:09:39 T

USER LOCATION:
Not Available (Browser Location Disabled)

BIOMETRIC STATUS:
- Age & Gender: 20 Years / Male
- Height & Weight: 170.0 cm / 70.0 kg
- BMI: 24.2 kg/m² (Normal)
- Primary Health Goal: Weight Loss / Fat Burn

-----------------------------------------------------
URGENT: This is an automated distress alert sent from the FitTrack AI Emergency System. Please attempt to contact or locate this user immediately!
=====================================================

============================================================

[2026-08-10 06:28:03 T] SOS ALERT TO: chandrakanthbs2006@gmail.com
=====================================================
SOS EMERGENCY ALERT
=====================================================

User Name: admin
Registered Email: admin1234@gmail.com
Emergency Email Recipient: chandrakanthbs2006@gmail.com
Date & Time Triggered: 2026-08-10 06:28:03 T

USER LOCATION:
Not Available (Browser Location Disabled)

BIOMETRIC STATUS:
- Age & Gender: 20 Years / Male
- Height & Weight: 170.0 cm / 70.0 kg
- BMI: 24.2 kg/m² (Normal)
- Primary Health Goal: Weight Loss / Fat Burn

-----------------------------------------------------
URGENT: This is an automated distress alert sent from the FitTrack AI Emergency System. Please attempt to contact or locate this user immediately!
=====================================================

============================================================

[2026-08-10 06:28:45 T] SOS ALERT TO: manoharas23cs@rnsit.ac.in
=====================================================
SOS EMERGENCY ALERT
=====================================================

User Name: admin
Registered Email: admin1234@gmail.com
Emergency Email Recipient: manoharas23cs@rnsit.ac.in
Date & Time Triggered: 2026-08-10 06:28:45 T

USER LOCATION:
Not Available (Browser Location Disabled)

BIOMETRIC STATUS:
- Age & Gender: 20 Years / Male
- Height & Weight: 170.0 cm / 70.0 kg
- BMI: 24.2 kg/m² (Normal)
- Primary Health Goal: Weight Loss / Fat Burn

-----------------------------------------------------
URGENT: This is an automated distress alert sent from the FitTrack AI Emergency System. Please attempt to contact or locate this user immediately!
=====================================================

============================================================

[2026-08-10 06:29:29 T] SOS ALERT TO: bankitha23cs@rnsit.ac.in
=====================================================
SOS EMERGENCY ALERT
=====================================================

User Name: admin
Registered Email: admin1234@gmail.com
Emergency Email Recipient: bankitha23cs@rnsit.ac.in
Date & Time Triggered: 2026-08-10 06:29:29 T

USER LOCATION:
Not Available (Browser Location Disabled)

BIOMETRIC STATUS:
- Age & Gender: 20 Years / Male
- Height & Weight: 170.0 cm / 70.0 kg
- BMI: 24.2 kg/m² (Normal)
- Primary Health Goal: Weight Loss / Fat Burn

-----------------------------------------------------
URGENT: This is an automated distress alert sent from the FitTrack AI Emergency System. Please attempt to contact or locate this user immediately!
=====================================================

============================================================

[2026-08-10 06:31:40 T] SOS ALERT TO: anuragsahu23cs@rnsit.ac.in
=====================================================
SOS EMERGENCY ALERT
=====================================================

User Name: admin
Registered Email: admin1234@gmail.com
Emergency Email Recipient: anuragsahu23cs@rnsit.ac.in
Date & Time Triggered: 2026-08-10 06:31:40 T

USER LOCATION:
Not Available (Browser Location Disabled)

BIOMETRIC STATUS:
- Age & Gender: 20 Years / Male
- Height & Weight: 170.0 cm / 70.0 kg
- BMI: 24.2 kg/m² (Normal)
- Primary Health Goal: Weight Loss / Fat Burn

-----------------------------------------------------
URGENT: This is an automated distress alert sent from the FitTrack AI Emergency System. Please attempt to contact or locate this user immediately!
=====================================================

============================================================

[2026-08-11 04:40:18 T] SOS ALERT TO: chandrakanthbs2006@gmail.com
=====================================================
SOS EMERGENCY ALERT
=====================================================

User Name: admin
Registered Email: admin1234@gmail.com
Emergency Email Recipient: chandrakanthbs2006@gmail.com
Date & Time Triggered: 2026-08-11 04:40:18 T

USER LOCATION:
Not Available (Browser Location Disabled)

BIOMETRIC STATUS:
- Age & Gender: 20 Years / Male
- Height & Weight: 170.0 cm / 70.0 kg
- BMI: 24.2 kg/m² (Normal)
- Primary Health Goal: Weight Loss / Fat Burn

-----------------------------------------------------
URGENT: This is an automated distress alert sent from the FitTrack AI Emergency System. Please attempt to contact or locate this user immediately!
=====================================================

============================================================

[2026-08-11 05:43:51 T] SOS ALERT TO: chandrakanthbs2006@gmail.com
=====================================================
SOS EMERGENCY ALERT
=====================================================

User Name: admin
Registered Email: admin1234@gmail.com
Emergency Email Recipient: chandrakanthbs2006@gmail.com
Date & Time Triggered: 2026-08-11 05:43:51 T

USER LOCATION:
Not Available (Browser Location Disabled)

BIOMETRIC STATUS:
- Age & Gender: 20 Years / Male
- Height & Weight: 170.0 cm / 70.0 kg
- BMI: 24.2 kg/m² (Normal)
- Primary Health Goal: Weight Loss / Fat Burn

-----------------------------------------------------
URGENT: This is an automated distress alert sent from the FitTrack AI Emergency System. Please attempt to contact or locate this user immediately!
=====================================================

============================================================

[2026-08-11 06:04:28 T] SOS ALERT TO: 9998887776
=====================================================
SOS EMERGENCY ALERT
=====================================================

User Name: Test User
Registered Email: testuser@example.com
Emergency Email Recipient: 9998887776
Date & Time Triggered: 2026-08-11 06:04:28 T

USER LOCATION:
Latitude: 37.7749, Longitude: -122.4194
Google Maps Location Link: https://www.google.com/maps?q=37.7749,-122.4194

BIOMETRIC STATUS:
- Age & Gender: 30 Years / Male
- Height & Weight: 180.0 cm / 80.0 kg
- BMI: 24.7 kg/m² (Normal)
- Primary Health Goal: Weight Loss / Fat Burn

-----------------------------------------------------
URGENT: This is an automated distress alert sent from the FitTrack AI Emergency System. Please attempt to contact or locate this user immediately!
=====================================================

============================================================

[2026-08-11 06:05:15 T] SOS ALERT TO: chandrakanthbs2006@gmail.com
=====================================================
SOS EMERGENCY ALERT
=====================================================

User Name: admin
Registered Email: admin1234@gmail.com
Emergency Email Recipient: chandrakanthbs2006@gmail.com
Date & Time Triggered: 2026-08-11 06:05:15 T

USER LOCATION:
Not Available (Browser Location Disabled)

BIOMETRIC STATUS:
- Age & Gender: 20 Years / Male
- Height & Weight: 170.0 cm / 70.0 kg
- BMI: 24.2 kg/m² (Normal)
- Primary Health Goal: Weight Loss / Fat Burn

-----------------------------------------------------
URGENT: This is an automated distress alert sent from the FitTrack AI Emergency System. Please attempt to contact or locate this user immediately!
=====================================================

============================================================

[2026-08-11 06:11:39 T] SOS ALERT TO: 9998887776
=====================================================
SOS EMERGENCY ALERT
=====================================================

User Name: Test User
Registered Email: testuser@example.com
Emergency Email Recipient: 9998887776
Date & Time Triggered: 2026-08-11 06:11:39 T

USER LOCATION:
Latitude: 37.7749, Longitude: -122.4194
Google Maps Location Link: https://www.google.com/maps?q=37.7749,-122.4194

BIOMETRIC STATUS:
- Age & Gender: 30 Years / Male
- Height & Weight: 180.0 cm / 80.0 kg
- BMI: 24.7 kg/m² (Normal)
- Primary Health Goal: Weight Loss / Fat Burn

-----------------------------------------------------
URGENT: This is an automated distress alert sent from the FitTrack AI Emergency System. Please attempt to contact or locate this user immediately!
=====================================================

============================================================

[2026-08-11 06:11:56 T] SOS ALERT TO: 9998887776
=====================================================
SOS EMERGENCY ALERT
=====================================================

User Name: Test User
Registered Email: testuser@example.com
Emergency Email Recipient: 9998887776
Date & Time Triggered: 2026-08-11 06:11:56 T

USER LOCATION:
Latitude: 37.7749, Longitude: -122.4194
Google Maps Location Link: https://www.google.com/maps?q=37.7749,-122.4194

BIOMETRIC STATUS:
- Age & Gender: 30 Years / Male
- Height & Weight: 180.0 cm / 80.0 kg
- BMI: 24.7 kg/m² (Normal)
- Primary Health Goal: Weight Loss / Fat Burn

-----------------------------------------------------
URGENT: This is an automated distress alert sent from the FitTrack AI Emergency System. Please attempt to contact or locate this user immediately!
=====================================================

============================================================

[2026-08-11 06:15:47 T] SOS ALERT TO: 9998887776
=====================================================
SOS EMERGENCY ALERT
=====================================================

User Name: Test User
Registered Email: testuser@example.com
Emergency Email Recipient: 9998887776
Date & Time Triggered: 2026-08-11 06:15:47 T

USER LOCATION:
Latitude: 37.7749, Longitude: -122.4194
Google Maps Location Link: https://www.google.com/maps?q=37.7749,-122.4194

BIOMETRIC STATUS:
- Age & Gender: 30 Years / Male
- Height & Weight: 180.0 cm / 80.0 kg
- BMI: 24.7 kg/m² (Normal)
- Primary Health Goal: Weight Loss / Fat Burn

-----------------------------------------------------
URGENT: This is an automated distress alert sent from the FitTrack AI Emergency System. Please attempt to contact or locate this user immediately!
=====================================================

============================================================

[2026-08-11 06:18:20 T] SOS ALERT TO: 9998887776
=====================================================
SOS EMERGENCY ALERT
=====================================================

User Name: Test User
Registered Email: testuser@example.com
Emergency Email Recipient: 9998887776
Date & Time Triggered: 2026-08-11 06:18:20 T

USER LOCATION:
Latitude: 37.7749, Longitude: -122.4194
Google Maps Location Link: https://www.google.com/maps?q=37.7749,-122.4194

BIOMETRIC STATUS:
- Age & Gender: 30 Years / Male
- Height & Weight: 180.0 cm / 80.0 kg
- BMI: 24.7 kg/m² (Normal)
- Primary Health Goal: Weight Loss / Fat Burn

-----------------------------------------------------
URGENT: This is an automated distress alert sent from the FitTrack AI Emergency System. Please attempt to contact or locate this user immediately!
=====================================================

============================================================

[2026-08-11 06:54:47 T] SOS ALERT TO: chandrakanthbs2006@gmail.com
=====================================================
SOS EMERGENCY ALERT
=====================================================

User Name: admin
Registered Email: admin1234@gmail.com
Emergency Email Recipient: chandrakanthbs2006@gmail.com
Date & Time Triggered: 2026-08-11 06:54:47 T

USER LOCATION:
Latitude: 12.902017992505566, Longitude: 77.51760673925408
Google Maps Location Link: https://www.google.com/maps?q=12.902017992505566,77.51760673925408

BIOMETRIC STATUS:
- Age & Gender: 20 Years / Male
- Height & Weight: 170.0 cm / 70.0 kg
- BMI: 24.2 kg/m² (Normal)
- Primary Health Goal: Weight Loss / Fat Burn

-----------------------------------------------------
URGENT: This is an automated distress alert sent from the FitTrack AI Emergency System. Please attempt to contact or locate this user immediately!
=====================================================

============================================================

[2026-08-13 06:10:50 T] SOS ALERT TO: chandrakanthbs2006@gmail.com
=====================================================
SOS EMERGENCY ALERT
=====================================================

User Name: admin
Registered Email: admin1234@gmail.com
Emergency Email Recipient: chandrakanthbs2006@gmail.com
Date & Time Triggered: 2026-08-13 06:10:50 T

USER LOCATION:
Not Available (Browser Location Disabled)

BIOMETRIC STATUS:
- Age & Gender: 20 Years / Male
- Height & Weight: 170.0 cm / 70.0 kg
- BMI: 24.2 kg/m² (Normal)
- Primary Health Goal: Weight Loss / Fat Burn

-----------------------------------------------------
URGENT: This is an automated distress alert sent from the FitTrack AI Emergency System. Please attempt to contact or locate this user immediately!
=====================================================

============================================================

[2026-08-13 06:18:01 T] SOS ALERT TO: 9998887776
=====================================================
SOS EMERGENCY ALERT
=====================================================

User Name: Test User
Registered Email: testuser@example.com
Emergency Email Recipient: 9998887776
Date & Time Triggered: 2026-08-13 06:18:01 T

USER LOCATION:
Latitude: 37.7749, Longitude: -122.4194
Google Maps Location Link: https://www.google.com/maps?q=37.7749,-122.4194

BIOMETRIC STATUS:
- Age & Gender: 30 Years / Male
- Height & Weight: 180.0 cm / 80.0 kg
- BMI: 24.7 kg/m² (Normal)
- Primary Health Goal: Weight Loss / Fat Burn

-----------------------------------------------------
URGENT: This is an automated distress alert sent from the FitTrack AI Emergency System. Please attempt to contact or locate this user immediately!
=====================================================

============================================================

[2026-08-13 06:18:59 T] SOS ALERT TO: chandrakanthbs2006@gmail.com
=====================================================
SOS EMERGENCY ALERT
=====================================================

User Name: admin
Registered Email: admin1234@gmail.com
Emergency Email Recipient: chandrakanthbs2006@gmail.com
Date & Time Triggered: 2026-08-13 06:18:59 T

USER LOCATION:
Not Available (Browser Location Disabled)

BIOMETRIC STATUS:
- Age & Gender: 20 Years / Male
- Height & Weight: 170.0 cm / 70.0 kg
- BMI: 24.2 kg/m² (Normal)
- Primary Health Goal: Weight Loss / Fat Burn

-----------------------------------------------------
URGENT: This is an automated distress alert sent from the FitTrack AI Emergency System. Please attempt to contact or locate this user immediately!
=====================================================

============================================================

[2026-08-13 06:26:45 T] SOS ALERT TO: 9998887776
=====================================================
SOS EMERGENCY ALERT
=====================================================

User Name: Test User
Registered Email: testuser@example.com
Emergency Email Recipient: 9998887776
Date & Time Triggered: 2026-08-13 06:26:45 T

USER LOCATION:
Latitude: 37.7749, Longitude: -122.4194
Google Maps Location Link: https://www.google.com/maps?q=37.7749,-122.4194

BIOMETRIC STATUS:
- Age & Gender: 30 Years / Male
- Height & Weight: 180.0 cm / 80.0 kg
- BMI: 24.7 kg/m² (Normal)
- Primary Health Goal: Weight Loss / Fat Burn

-----------------------------------------------------
URGENT: This is an automated distress alert sent from the FitTrack AI Emergency System. Please attempt to contact or locate this user immediately!
=====================================================

============================================================

[2026-08-13 06:27:16 T] SOS ALERT TO: chandrakanthbs23cs@rnsit.ac.in
=====================================================
SOS EMERGENCY ALERT
=====================================================

User Name: admin
Registered Email: admin1234@gmail.com
Emergency Email Recipient: chandrakanthbs23cs@rnsit.ac.in
Date & Time Triggered: 2026-08-13 06:27:16 T

USER LOCATION:
Not Available (Browser Location Disabled)

BIOMETRIC STATUS:
- Age & Gender: 20 Years / Male
- Height & Weight: 170.0 cm / 70.0 kg
- BMI: 24.2 kg/m² (Normal)
- Primary Health Goal: Weight Loss / Fat Burn

-----------------------------------------------------
URGENT: This is an automated distress alert sent from the FitTrack AI Emergency System. Please attempt to contact or locate this user immediately!
=====================================================

============================================================

[2026-08-13 06:37:34 T] SOS ALERT TO: 9998887776
=====================================================
SOS EMERGENCY ALERT
=====================================================

User Name: Test User
Registered Email: testuser@example.com
Emergency Email Recipient: 9998887776
Date & Time Triggered: 2026-08-13 06:37:34 T

USER LOCATION:
Latitude: 37.7749, Longitude: -122.4194
Google Maps Location Link: https://www.google.com/maps?q=37.7749,-122.4194

BIOMETRIC STATUS:
- Age & Gender: 30 Years / Male
- Height & Weight: 180.0 cm / 80.0 kg
- BMI: 24.7 kg/m² (Normal)
- Primary Health Goal: Weight Loss / Fat Burn

-----------------------------------------------------
URGENT: This is an automated distress alert sent from the FitTrack AI Emergency System. Please attempt to contact or locate this user immediately!
=====================================================

============================================================

[2026-08-13 06:38:01 T] SOS ALERT TO: 9998887776
=====================================================
SOS EMERGENCY ALERT
=====================================================

User Name: Test User
Registered Email: testuser@example.com
Emergency Email Recipient: 9998887776
Date & Time Triggered: 2026-08-13 06:38:01 T

USER LOCATION:
Latitude: 37.7749, Longitude: -122.4194
Google Maps Location Link: https://www.google.com/maps?q=37.7749,-122.4194

BIOMETRIC STATUS:
- Age & Gender: 30 Years / Male
- Height & Weight: 180.0 cm / 80.0 kg
- BMI: 24.7 kg/m² (Normal)
- Primary Health Goal: Weight Loss / Fat Burn

-----------------------------------------------------
URGENT: This is an automated distress alert sent from the FitTrack AI Emergency System. Please attempt to contact or locate this user immediately!
=====================================================

============================================================
